// Jest Snapshot v1, https://goo.gl/fbAQLP

exports[`can render a modal 1`] = `
<div
  class="modal "
>
  <div
    class="content"
  >
    <span
      class="close"
    >
      Ã—
    </span>
    <div />
  </div>
</div>
`;
