// Jest Snapshot v1, https://goo.gl/fbAQLP

exports[`can render a card 1`] = `
<div
  class="card"
>
  <div
    class="card-title"
  >
    card title
  </div>
  <div
    class="card-title"
  >
    card description
  </div>
</div>
`;
