// Jest Snapshot v1, https://goo.gl/fbAQLP

exports[`can render an action bar 1`] = `
<div
  class="actions"
>
  <a
    href="#"
  >
    edit
  </a>
  <a
    href="#"
  >
    delete
  </a>
</div>
`;
