// Jest Snapshot v1, https://goo.gl/fbAQLP

exports[`should render a ColumnForm 1`] = `
<form>
  <div>
    <label>
      Column Title:
      <input
        type="text"
      />
    </label>
  </div>
</form>
`;
