// Jest Snapshot v1, https://goo.gl/fbAQLP

exports[`can render a board 1`] = `
<div
  class="board"
>
  <div
    class="container"
  >
    <div
      class="columns"
    />
  </div>
</div>
`;
